{
    "stub test case_a": {
        "content": [
            {
                "0": [
                    [
                        {
                            "id": "caseA"
                        },
                        "result.txt:md5,d41d8cd98f00b204e9800998ecf8427e"
                    ]
                ],
                "1": [
                    "out.log:md5,da18a41fe3d2b8470b3e28e7c8a2034c"
                ],
                "2": [
                    "versions.yml:md5,b6cc6dc723c9d47d759a805d72a2f918"
                ],
                "log": [
                    "out.log:md5,da18a41fe3d2b8470b3e28e7c8a2034c"
                ],
                "out_txt": [
                    [
                        {
                            "id": "caseA"
                        },
                        "result.txt:md5,d41d8cd98f00b204e9800998ecf8427e"
                    ]
                ],
                "versions": [
                    "versions.yml:md5,b6cc6dc723c9d47d759a805d72a2f918"
                ]
            }
        ],
        "meta": {
            "nf-test": "0.9.2",
            "nextflow": "24.10.5"
        },
        "timestamp": "2025-03-26T09:21:54.433986426"
    }
}